// Vitest Snapshot v1, https://vitest.dev/guide/snapshot.html

exports[`Footer component > should match snapshot 1`] = `
<DocumentFragment>
  <footer
    class="footer"
  >
    <div
      class="footer-content"
    >
      Â© 2024 Imperial Fleet Database
    </div>
  </footer>
</DocumentFragment>
`;
