// Vitest Snapshot v1, https://vitest.dev/guide/snapshot.html

exports[`Loading component > should match snapshot 1`] = `
<DocumentFragment>
  <div
    class="loading-container"
  >
    <div
      class="loading-spinner"
      data-testid="loading-spinner"
    />
    <p
      class="loading-text"
    >
      Loading...
    </p>
  </div>
</DocumentFragment>
`;
