// Vitest Snapshot v1, https://vitest.dev/guide/snapshot.html

exports[`Title component > should match the snapshot 1`] = `
<DocumentFragment>
  <h1
    class="text-2xl font-bold"
  >
    Test Title
  </h1>
</DocumentFragment>
`;
