// Vitest Snapshot v1, https://vitest.dev/guide/snapshot.html

exports[`Layout component > should match snapshot 1`] = `
<DocumentFragment>
  <div
    class="layout"
  >
    <div>
      Header
    </div>
    <main />
    <div>
      Footer
    </div>
  </div>
</DocumentFragment>
`;
