// Vitest Snapshot v1, https://vitest.dev/guide/snapshot.html

exports[`Header component > should match snapshot 1`] = `
<DocumentFragment>
  <header>
    <div
      class="header-wrapper"
    >
      <div
        class="header-top"
      >
        <div>
          Imperial Destroyer Center
        </div>
        <button
          aria-label="Toggle navigation"
          class="menu-button"
        >
          â˜°
        </button>
      </div>
      <div
        class="navigation-container "
      >
        <div>
          Navigation
        </div>
      </div>
    </div>
  </header>
</DocumentFragment>
`;
