// Vitest Snapshot v1, https://vitest.dev/guide/snapshot.html

exports[`NoResults component > should match snapshot 1`] = `
<DocumentFragment>
  <div
    class="no-results"
  >
    <div
      class="no-results-content"
    >
      <p
        class="no-results-text"
      >
        No planets found matching "Tatooine"
      </p>
      <button
        class="no-results-button"
      >
        Clear Filters
      </button>
    </div>
  </div>
</DocumentFragment>
`;
