// Vitest Snapshot v1, https://vitest.dev/guide/snapshot.html

exports[`Filters component > should match snapshot 1`] = `
<DocumentFragment>
  <div
    class="filters"
    data-testid="filters-container"
  >
    <input
      class="filters-search"
      placeholder="Search..."
      type="text"
      value=""
    />
    <div
      class="filters-sort-container"
    >
      <select
        class="filters-sort"
        data-testid="filters-sort"
      >
        <option
          value=""
        >
          Sort by...
        </option>
        <option
          value="option1"
        >
          Option 1
        </option>
        <option
          value="option2"
        >
          Option 2
        </option>
      </select>
    </div>
  </div>
</DocumentFragment>
`;
